Archive member included to satisfy reference by file (symbol)

/opt/gcc-arm/gcc-arm-none-eabi-10.3-2021.10/bin/../lib/gcc/arm-none-eabi/10.3.1/../../../../arm-none-eabi/lib/thumb/v7e-m+fp/hard/libc_nano.a(lib_a-exit.o)
                              /opt/gcc-arm/gcc-arm-none-eabi-10.3-2021.10/bin/../lib/gcc/arm-none-eabi/10.3.1/../../../../arm-none-eabi/lib/thumb/v7e-m+fp/hard/crt0.o (exit)
/opt/gcc-arm/gcc-arm-none-eabi-10.3-2021.10/bin/../lib/gcc/arm-none-eabi/10.3.1/../../../../arm-none-eabi/lib/thumb/v7e-m+fp/hard/libc_nano.a(lib_a-impure.o)
                              /opt/gcc-arm/gcc-arm-none-eabi-10.3-2021.10/bin/../lib/gcc/arm-none-eabi/10.3.1/../../../../arm-none-eabi/lib/thumb/v7e-m+fp/hard/libc_nano.a(lib_a-exit.o) (_global_impure_ptr)
/opt/gcc-arm/gcc-arm-none-eabi-10.3-2021.10/bin/../lib/gcc/arm-none-eabi/10.3.1/../../../../arm-none-eabi/lib/thumb/v7e-m+fp/hard/libc_nano.a(lib_a-init.o)
                              /opt/gcc-arm/gcc-arm-none-eabi-10.3-2021.10/bin/../lib/gcc/arm-none-eabi/10.3.1/../../../../arm-none-eabi/lib/thumb/v7e-m+fp/hard/crt0.o (__libc_init_array)
/opt/gcc-arm/gcc-arm-none-eabi-10.3-2021.10/bin/../lib/gcc/arm-none-eabi/10.3.1/../../../../arm-none-eabi/lib/thumb/v7e-m+fp/hard/libc_nano.a(lib_a-memset.o)
                              /opt/gcc-arm/gcc-arm-none-eabi-10.3-2021.10/bin/../lib/gcc/arm-none-eabi/10.3.1/../../../../arm-none-eabi/lib/thumb/v7e-m+fp/hard/crt0.o (memset)
/opt/gcc-arm/gcc-arm-none-eabi-10.3-2021.10/bin/../lib/gcc/arm-none-eabi/10.3.1/../../../../arm-none-eabi/lib/thumb/v7e-m+fp/hard/libnosys.a(_exit.o)
                              /opt/gcc-arm/gcc-arm-none-eabi-10.3-2021.10/bin/../lib/gcc/arm-none-eabi/10.3.1/../../../../arm-none-eabi/lib/thumb/v7e-m+fp/hard/libc_nano.a(lib_a-exit.o) (_exit)
/opt/gcc-arm/gcc-arm-none-eabi-10.3-2021.10/bin/../lib/gcc/arm-none-eabi/10.3.1/thumb/v7e-m+fp/hard/libgcc.a(_aeabi_uldivmod.o)
                              build/stm32f4xx_hal_rcc.o (__aeabi_uldivmod)
/opt/gcc-arm/gcc-arm-none-eabi-10.3-2021.10/bin/../lib/gcc/arm-none-eabi/10.3.1/thumb/v7e-m+fp/hard/libgcc.a(_udivmoddi4.o)
                              /opt/gcc-arm/gcc-arm-none-eabi-10.3-2021.10/bin/../lib/gcc/arm-none-eabi/10.3.1/thumb/v7e-m+fp/hard/libgcc.a(_aeabi_uldivmod.o) (__udivmoddi4)
/opt/gcc-arm/gcc-arm-none-eabi-10.3-2021.10/bin/../lib/gcc/arm-none-eabi/10.3.1/thumb/v7e-m+fp/hard/libgcc.a(_dvmd_tls.o)
                              /opt/gcc-arm/gcc-arm-none-eabi-10.3-2021.10/bin/../lib/gcc/arm-none-eabi/10.3.1/thumb/v7e-m+fp/hard/libgcc.a(_aeabi_uldivmod.o) (__aeabi_ldiv0)

Discarded input sections

 .text          0x0000000000000000        0x0 /opt/gcc-arm/gcc-arm-none-eabi-10.3-2021.10/bin/../lib/gcc/arm-none-eabi/10.3.1/thumb/v7e-m+fp/hard/crti.o
 .data          0x0000000000000000        0x0 /opt/gcc-arm/gcc-arm-none-eabi-10.3-2021.10/bin/../lib/gcc/arm-none-eabi/10.3.1/thumb/v7e-m+fp/hard/crti.o
 .bss           0x0000000000000000        0x0 /opt/gcc-arm/gcc-arm-none-eabi-10.3-2021.10/bin/../lib/gcc/arm-none-eabi/10.3.1/thumb/v7e-m+fp/hard/crti.o
 .data          0x0000000000000000        0x4 /opt/gcc-arm/gcc-arm-none-eabi-10.3-2021.10/bin/../lib/gcc/arm-none-eabi/10.3.1/thumb/v7e-m+fp/hard/crtbegin.o
 .rodata        0x0000000000000000       0x24 /opt/gcc-arm/gcc-arm-none-eabi-10.3-2021.10/bin/../lib/gcc/arm-none-eabi/10.3.1/thumb/v7e-m+fp/hard/crtbegin.o
 .text          0x0000000000000000       0x7c /opt/gcc-arm/gcc-arm-none-eabi-10.3-2021.10/bin/../lib/gcc/arm-none-eabi/10.3.1/../../../../arm-none-eabi/lib/thumb/v7e-m+fp/hard/crt0.o
 .data          0x0000000000000000        0x0 /opt/gcc-arm/gcc-arm-none-eabi-10.3-2021.10/bin/../lib/gcc/arm-none-eabi/10.3.1/../../../../arm-none-eabi/lib/thumb/v7e-m+fp/hard/crt0.o
 .bss           0x0000000000000000        0x0 /opt/gcc-arm/gcc-arm-none-eabi-10.3-2021.10/bin/../lib/gcc/arm-none-eabi/10.3.1/../../../../arm-none-eabi/lib/thumb/v7e-m+fp/hard/crt0.o
 .ARM.extab     0x0000000000000000        0x0 /opt/gcc-arm/gcc-arm-none-eabi-10.3-2021.10/bin/../lib/gcc/arm-none-eabi/10.3.1/../../../../arm-none-eabi/lib/thumb/v7e-m+fp/hard/crt0.o
 .ARM.exidx     0x0000000000000000       0x10 /opt/gcc-arm/gcc-arm-none-eabi-10.3-2021.10/bin/../lib/gcc/arm-none-eabi/10.3.1/../../../../arm-none-eabi/lib/thumb/v7e-m+fp/hard/crt0.o
 .ARM.attributes
                0x0000000000000000       0x1c /opt/gcc-arm/gcc-arm-none-eabi-10.3-2021.10/bin/../lib/gcc/arm-none-eabi/10.3.1/../../../../arm-none-eabi/lib/thumb/v7e-m+fp/hard/crt0.o
 .text          0x0000000000000000        0x0 build/main.o
 .data          0x0000000000000000        0x0 build/main.o
 .bss           0x0000000000000000        0x0 build/main.o
 .text          0x0000000000000000        0x0 build/gpio.o
 .data          0x0000000000000000        0x0 build/gpio.o
 .bss           0x0000000000000000        0x0 build/gpio.o
 .text          0x0000000000000000        0x0 build/spi.o
 .data          0x0000000000000000        0x0 build/spi.o
[...]
Memory Configuration

Name             Origin             Length             Attributes
RAM              0x0000000020000000 0x0000000000020000 xrw
FLASH            0x0000000008000000 0x0000000000080000 xr
*default*        0x0000000000000000 0xffffffffffffffff

Linker script and memory map

LOAD /opt/gcc-arm/gcc-arm-none-eabi-10.3-2021.10/bin/../lib/gcc/arm-none-eabi/10.3.1/thumb/v7e-m+fp/hard/crti.o
LOAD /opt/gcc-arm/gcc-arm-none-eabi-10.3-2021.10/bin/../lib/gcc/arm-none-eabi/10.3.1/thumb/v7e-m+fp/hard/crtbegin.o
LOAD /opt/gcc-arm/gcc-arm-none-eabi-10.3-2021.10/bin/../lib/gcc/arm-none-eabi/10.3.1/../../../../arm-none-eabi/lib/thumb/v7e-m+fp/hard/crt0.o
LOAD build/main.o
LOAD build/gpio.o
LOAD build/spi.o
LOAD build/stm32f4xx_it.o
LOAD build/stm32f4xx_hal_msp.o
LOAD build/stm32f4xx_hal_spi.o
LOAD build/stm32f4xx_hal_rcc.o
LOAD build/stm32f4xx_hal_rcc_ex.o
LOAD build/stm32f4xx_hal_flash.o
LOAD build/stm32f4xx_hal_flash_ex.o
LOAD build/stm32f4xx_hal_flash_ramfunc.o
LOAD build/stm32f4xx_hal_gpio.o
LOAD build/stm32f4xx_hal_dma_ex.o
LOAD build/stm32f4xx_hal_dma.o
LOAD build/stm32f4xx_hal_pwr.o
LOAD build/stm32f4xx_hal_pwr_ex.o
LOAD build/stm32f4xx_hal_cortex.o
LOAD build/stm32f4xx_hal.o
LOAD build/stm32f4xx_hal_exti.o
LOAD build/stm32f4xx_hal_tim.o
LOAD build/stm32f4xx_hal_tim_ex.o
LOAD build/w25qxx.o
LOAD build/system_stm32f4xx.o
LOAD build/startup_stm32f411xe.o
LOAD /opt/gcc-arm/gcc-arm-none-eabi-10.3-2021.10/bin/../lib/gcc/arm-none-eabi/10.3.1/../../../../arm-none-eabi/lib/thumb/v7e-m+fp/hard/libc_nano.a
LOAD /opt/gcc-arm/gcc-arm-none-eabi-10.3-2021.10/bin/../lib/gcc/arm-none-eabi/10.3.1/../../../../arm-none-eabi/lib/thumb/v7e-m+fp/hard/libm.a
LOAD /opt/gcc-arm/gcc-arm-none-eabi-10.3-2021.10/bin/../lib/gcc/arm-none-eabi/10.3.1/../../../../arm-none-eabi/lib/thumb/v7e-m+fp/hard/libnosys.a
START GROUP
LOAD /opt/gcc-arm/gcc-arm-none-eabi-10.3-2021.10/bin/../lib/gcc/arm-none-eabi/10.3.1/thumb/v7e-m+fp/hard/libgcc.a
LOAD /opt/gcc-arm/gcc-arm-none-eabi-10.3-2021.10/bin/../lib/gcc/arm-none-eabi/10.3.1/../../../../arm-none-eabi/lib/thumb/v7e-m+fp/hard/libc_nano.a
END GROUP
START GROUP
LOAD /opt/gcc-arm/gcc-arm-none-eabi-10.3-2021.10/bin/../lib/gcc/arm-none-eabi/10.3.1/thumb/v7e-m+fp/hard/libgcc.a
LOAD /opt/gcc-arm/gcc-arm-none-eabi-10.3-2021.10/bin/../lib/gcc/arm-none-eabi/10.3.1/../../../../arm-none-eabi/lib/thumb/v7e-m+fp/hard/libc_nano.a
END GROUP
LOAD /opt/gcc-arm/gcc-arm-none-eabi-10.3-2021.10/bin/../lib/gcc/arm-none-eabi/10.3.1/thumb/v7e-m+fp/hard/crtend.o
LOAD /opt/gcc-arm/gcc-arm-none-eabi-10.3-2021.10/bin/../lib/gcc/arm-none-eabi/10.3.1/thumb/v7e-m+fp/hard/crtn.o
                0x0000000020020000                _estack = 0x20020000
                0x0000000000000200                _Min_Heap_Size = 0x200
                0x0000000000000400                _Min_Stack_Size = 0x400

.isr_vector     0x0000000008000000      0x198
                0x0000000008000000                . = ALIGN (0x4)
 *(.isr_vector)
 .isr_vector    0x0000000008000000      0x198 build/startup_stm32f411xe.o
                0x0000000008000000                g_pfnVectors
                0x0000000008000198                . = ALIGN (0x4)

.text           0x0000000008000198     0x1d60
                0x0000000008000198                . = ALIGN (0x4)
 *(.text)
 .text          0x0000000008000198       0x40 /opt/gcc-arm/gcc-arm-none-eabi-10.3-2021.10/bin/../lib/gcc/arm-none-eabi/10.3.1/thumb/v7e-m+fp/hard/crtbegin.o
 .text          0x00000000080001d8       0x30 /opt/gcc-arm/gcc-arm-none-eabi-10.3-2021.10/bin/../lib/gcc/arm-none-eabi/10.3.1/thumb/v7e-m+fp/hard/libgcc.a(_aeabi_uldivmod.o)
                0x00000000080001d8                __aeabi_uldivmod
 .text          0x0000000008000208      0x2d0 /opt/gcc-arm/gcc-arm-none-eabi-10.3-2021.10/bin/../lib/gcc/arm-none-eabi/10.3.1/thumb/v7e-m+fp/hard/libgcc.a(_udivmoddi4.o)
                0x0000000008000208                __udivmoddi4
 .text          0x00000000080004d8        0x4 /opt/gcc-arm/gcc-arm-none-eabi-10.3-2021.10/bin/../lib/gcc/arm-none-eabi/10.3.1/thumb/v7e-m+fp/hard/libgcc.a(_dvmd_tls.o)
                0x00000000080004d8                __aeabi_ldiv0
                0x00000000080004d8                __aeabi_idiv0
 *(.text*)
 .text.Error_Handler
                0x00000000080004dc        0x4 build/main.o
                0x00000000080004dc                Error_Handler
 .text.SystemClock_Config
                0x00000000080004e0       0xa4 build/main.o
                0x00000000080004e0                SystemClock_Config
 .text.main     0x0000000008000584       0x40 build/main.o
                0x0000000008000584                main
 .text.MX_GPIO_Init
                0x00000000080005c4       0x7c build/gpio.o
                0x00000000080005c4                MX_GPIO_Init
 .text.MX_SPI1_Init
                0x0000000008000640       0x44 build/spi.o
                0x0000000008000640                MX_SPI1_Init
 .text.HAL_SPI_MspInit
                0x0000000008000684       0x70 build/spi.o
                0x0000000008000684                HAL_SPI_MspInit
 .text.NMI_Handler
                0x00000000080006f4        0x2 build/stm32f4xx_it.o
                0x00000000080006f4                NMI_Handler
 .text.HardFault_Handler
                0x00000000080006f6        0x2 build/stm32f4xx_it.o
                0x00000000080006f6                HardFault_Handler
 .text.MemManage_Handler
                0x00000000080006f8        0x2 build/stm32f4xx_it.o
                0x00000000080006f8                MemManage_Handler
 .text.BusFault_Handler
                0x00000000080006fa        0x2 build/stm32f4xx_it.o
                0x00000000080006fa                BusFault_Handler
 .text.UsageFault_Handler
                0x00000000080006fc        0x2 build/stm32f4xx_it.o
                0x00000000080006fc                UsageFault_Handler
 .text.SVC_Handler
                0x00000000080006fe        0x2 build/stm32f4xx_it.o
                0x00000000080006fe                SVC_Handler
 .text.DebugMon_Handler
                0x0000000008000700        0x2 build/stm32f4xx_it.o
                0x0000000008000700                DebugMon_Handler
 .text.PendSV_Handler
                0x0000000008000702        0x2 build/stm32f4xx_it.o
                0x0000000008000702                PendSV_Handler
 .text.SysTick_Handler
                0x0000000008000704        0x8 build/stm32f4xx_it.o
                0x0000000008000704                SysTick_Handler
 .text.HAL_MspInit
                0x000000000800070c       0x38 build/stm32f4xx_hal_msp.o
                0x000000000800070c                HAL_MspInit
 .text.SPI_WaitFlagStateUntilTimeout
                0x0000000008000744       0xd4 build/stm32f4xx_hal_spi.o
 .text.SPI_EndRxTxTransaction
                0x0000000008000818       0x68 build/stm32f4xx_hal_spi.o
 .text.SPI_EndRxTransaction
                0x0000000008000880       0x8c build/stm32f4xx_hal_spi.o
 .text.HAL_SPI_Init
                0x000000000800090c       0xbe build/stm32f4xx_hal_spi.o
                0x000000000800090c                HAL_SPI_Init
 .text.HAL_SPI_Transmit
                0x00000000080009ca      0x1b8 build/stm32f4xx_hal_spi.o
                0x00000000080009ca                HAL_SPI_Transmit
 .text.HAL_SPI_TransmitReceive
                0x0000000008000b82      0x238 build/stm32f4xx_hal_spi.o
                0x0000000008000b82                HAL_SPI_TransmitReceive
 .text.HAL_SPI_Receive
                0x0000000008000dba      0x180 build/stm32f4xx_hal_spi.o
                0x0000000008000dba                HAL_SPI_Receive
 *fill*         0x0000000008000f3a        0x2 
 .text.HAL_RCC_OscConfig
                0x0000000008000f3c      0x3f8 build/stm32f4xx_hal_rcc.o
                0x0000000008000f3c                HAL_RCC_OscConfig
 .text.HAL_RCC_GetSysClockFreq
                0x0000000008001334       0xa4 build/stm32f4xx_hal_rcc.o
                0x0000000008001334                HAL_RCC_GetSysClockFreq
 .text.HAL_RCC_ClockConfig
                0x00000000080013d8      0x160 build/stm32f4xx_hal_rcc.o
                0x00000000080013d8                HAL_RCC_ClockConfig
 .text.HAL_GPIO_Init
                0x0000000008001538      0x1c0 build/stm32f4xx_hal_gpio.o
                0x0000000008001538                HAL_GPIO_Init
 .text.HAL_GPIO_WritePin
                0x00000000080016f8        0xc build/stm32f4xx_hal_gpio.o
                0x00000000080016f8                HAL_GPIO_WritePin
 .text.HAL_NVIC_SetPriorityGrouping
                0x0000000008001704       0x24 build/stm32f4xx_hal_cortex.o
                0x0000000008001704                HAL_NVIC_SetPriorityGrouping
 .text.HAL_NVIC_SetPriority
                0x0000000008001728       0x70 build/stm32f4xx_hal_cortex.o
                0x0000000008001728                HAL_NVIC_SetPriority
 .text.HAL_SYSTICK_Config
                0x0000000008001798       0x28 build/stm32f4xx_hal_cortex.o
                0x0000000008001798                HAL_SYSTICK_Config
 .text.HAL_InitTick
                0x00000000080017c0       0x4c build/stm32f4xx_hal.o
                0x00000000080017c0                HAL_InitTick
 .text.HAL_Init
                0x000000000800180c       0x34 build/stm32f4xx_hal.o
                0x000000000800180c                HAL_Init
 .text.HAL_IncTick
                0x0000000008001840       0x18 build/stm32f4xx_hal.o
                0x0000000008001840                HAL_IncTick
 .text.HAL_GetTick
                0x0000000008001858        0xc build/stm32f4xx_hal.o
                0x0000000008001858                HAL_GetTick
 .text.HAL_Delay
                0x0000000008001864       0x28 build/stm32f4xx_hal.o
                0x0000000008001864                HAL_Delay
 .text.W25qxx_Spi
                0x000000000800188c       0x2c build/w25qxx.o
                0x000000000800188c                W25qxx_Spi
 .text.W25qxx_ReadID
                0x00000000080018b8       0x48 build/w25qxx.o
                0x00000000080018b8                W25qxx_ReadID
 .text.W25qxx_ReadUniqID
                0x0000000008001900       0x50 build/w25qxx.o
                0x0000000008001900                W25qxx_ReadUniqID
 .text.W25qxx_WriteEnable
                0x0000000008001950       0x2c build/w25qxx.o
                0x0000000008001950                W25qxx_WriteEnable
 .text.W25qxx_ReadStatusRegister
                0x000000000800197c       0x6c build/w25qxx.o
                0x000000000800197c                W25qxx_ReadStatusRegister
 .text.W25qxx_WaitForWriteEnd
                0x00000000080019e8       0x48 build/w25qxx.o
                0x00000000080019e8                W25qxx_WaitForWriteEnd
 .text.W25qxx_Init
                0x0000000008001a30      0x11c build/w25qxx.o
                0x0000000008001a30                W25qxx_Init
 .text.W25qxx_EraseSector
                0x0000000008001b4c       0x8c build/w25qxx.o
                0x0000000008001b4c                W25qxx_EraseSector
 .text.W25qxx_SectorToPage
                0x0000000008001bd8       0x14 build/w25qxx.o
                0x0000000008001bd8                W25qxx_SectorToPage
 .text.W25qxx_WritePage
                0x0000000008001bec       0xbc build/w25qxx.o
                0x0000000008001bec                W25qxx_WritePage
 .text.W25qxx_WriteSector
                0x0000000008001ca8       0x60 build/w25qxx.o
                0x0000000008001ca8                W25qxx_WriteSector
 .text.W25qxx_ReadPage
                0x0000000008001d08       0xb8 build/w25qxx.o
                0x0000000008001d08                W25qxx_ReadPage
 .text.W25qxx_ReadSector
                0x0000000008001dc0       0x60 build/w25qxx.o
                0x0000000008001dc0                W25qxx_ReadSector
 .text.SystemInit
                0x0000000008001e20       0x14 build/system_stm32f4xx.o
                0x0000000008001e20                SystemInit
 .text.Reset_Handler
                0x0000000008001e34       0x50 build/startup_stm32f411xe.o
                0x0000000008001e34                Reset_Handler
 .text.Default_Handler
                0x0000000008001e84        0x2 build/startup_stm32f411xe.o
                0x0000000008001e84                RTC_Alarm_IRQHandler
                0x0000000008001e84                EXTI2_IRQHandler
                0x0000000008001e84                SPI4_IRQHandler
                0x0000000008001e84                TIM1_CC_IRQHandler
                0x0000000008001e84                DMA2_Stream5_IRQHandler
                0x0000000008001e84                DMA1_Stream5_IRQHandler
                0x0000000008001e84                PVD_IRQHandler
                0x0000000008001e84                SDIO_IRQHandler
                0x0000000008001e84                TAMP_STAMP_IRQHandler
                0x0000000008001e84                EXTI3_IRQHandler
                0x0000000008001e84                TIM1_UP_TIM10_IRQHandler
                0x0000000008001e84                I2C3_ER_IRQHandler
                0x0000000008001e84                EXTI0_IRQHandler
                0x0000000008001e84                I2C2_EV_IRQHandler
                0x0000000008001e84                DMA1_Stream2_IRQHandler
                0x0000000008001e84                FPU_IRQHandler
                0x0000000008001e84                DMA2_Stream2_IRQHandler
                0x0000000008001e84                SPI1_IRQHandler
                0x0000000008001e84                TIM1_BRK_TIM9_IRQHandler
                0x0000000008001e84                DMA2_Stream3_IRQHandler
                0x0000000008001e84                USART6_IRQHandler
                0x0000000008001e84                DMA2_Stream0_IRQHandler
                0x0000000008001e84                TIM4_IRQHandler
                0x0000000008001e84                I2C1_EV_IRQHandler
                0x0000000008001e84                DMA1_Stream6_IRQHandler
                0x0000000008001e84                DMA1_Stream1_IRQHandler
                0x0000000008001e84                TIM3_IRQHandler
                0x0000000008001e84                RCC_IRQHandler
                0x0000000008001e84                Default_Handler
                0x0000000008001e84                EXTI15_10_IRQHandler
                0x0000000008001e84                ADC_IRQHandler
                0x0000000008001e84                DMA1_Stream7_IRQHandler
                0x0000000008001e84                SPI5_IRQHandler
                0x0000000008001e84                TIM5_IRQHandler
                0x0000000008001e84                DMA2_Stream7_IRQHandler
                0x0000000008001e84                I2C3_EV_IRQHandler
                0x0000000008001e84                EXTI9_5_IRQHandler
                0x0000000008001e84                RTC_WKUP_IRQHandler
                0x0000000008001e84                SPI2_IRQHandler
                0x0000000008001e84                DMA1_Stream0_IRQHandler
                0x0000000008001e84                EXTI4_IRQHandler
                0x0000000008001e84                WWDG_IRQHandler
                0x0000000008001e84                TIM2_IRQHandler
                0x0000000008001e84                OTG_FS_WKUP_IRQHandler
                0x0000000008001e84                TIM1_TRG_COM_TIM11_IRQHandler
                0x0000000008001e84                EXTI1_IRQHandler
                0x0000000008001e84                USART2_IRQHandler
                0x0000000008001e84                I2C2_ER_IRQHandler
                0x0000000008001e84                DMA2_Stream1_IRQHandler
                0x0000000008001e84                FLASH_IRQHandler
                0x0000000008001e84                DMA2_Stream4_IRQHandler
                0x0000000008001e84                USART1_IRQHandler
                0x0000000008001e84                OTG_FS_IRQHandler
                0x0000000008001e84                SPI3_IRQHandler
                0x0000000008001e84                DMA1_Stream4_IRQHandler
                0x0000000008001e84                I2C1_ER_IRQHandler
                0x0000000008001e84                DMA2_Stream6_IRQHandler
                0x0000000008001e84                DMA1_Stream3_IRQHandler
 *fill*         0x0000000008001e86        0x2 
 .text.__libc_init_array
                0x0000000008001e88       0x48 /opt/gcc-arm/gcc-arm-none-eabi-10.3-2021.10/bin/../lib/gcc/arm-none-eabi/10.3.1/../../../../arm-none-eabi/lib/thumb/v7e-m+fp/hard/libc_nano.a(lib_a-init.o)
                0x0000000008001e88                __libc_init_array
 .text.memset   0x0000000008001ed0       0x10 /opt/gcc-arm/gcc-arm-none-eabi-10.3-2021.10/bin/../lib/gcc/arm-none-eabi/10.3.1/../../../../arm-none-eabi/lib/thumb/v7e-m+fp/hard/libc_nano.a(lib_a-memset.o)
                0x0000000008001ed0                memset
 *(.glue_7)
 .glue_7        0x0000000008001ee0        0x0 linker stubs
 *(.glue_7t)
 .glue_7t       0x0000000008001ee0        0x0 linker stubs
 *(.eh_frame)
 .eh_frame      0x0000000008001ee0        0x0 /opt/gcc-arm/gcc-arm-none-eabi-10.3-2021.10/bin/../lib/gcc/arm-none-eabi/10.3.1/thumb/v7e-m+fp/hard/crtbegin.o
 *(.init)
 .init          0x0000000008001ee0        0x4 /opt/gcc-arm/gcc-arm-none-eabi-10.3-2021.10/bin/../lib/gcc/arm-none-eabi/10.3.1/thumb/v7e-m+fp/hard/crti.o
                0x0000000008001ee0                _init
 .init          0x0000000008001ee4        0x8 /opt/gcc-arm/gcc-arm-none-eabi-10.3-2021.10/bin/../lib/gcc/arm-none-eabi/10.3.1/thumb/v7e-m+fp/hard/crtn.o
 *(.fini)
 .fini          0x0000000008001eec        0x4 /opt/gcc-arm/gcc-arm-none-eabi-10.3-2021.10/bin/../lib/gcc/arm-none-eabi/10.3.1/thumb/v7e-m+fp/hard/crti.o
                0x0000000008001eec                _fini
 .fini          0x0000000008001ef0        0x8 /opt/gcc-arm/gcc-arm-none-eabi-10.3-2021.10/bin/../lib/gcc/arm-none-eabi/10.3.1/thumb/v7e-m+fp/hard/crtn.o
                0x0000000008001ef8                . = ALIGN (0x4)
                0x0000000008001ef8                _etext = .

.vfp11_veneer   0x0000000008001ef8        0x0
 .vfp11_veneer  0x0000000008001ef8        0x0 linker stubs

.v4_bx          0x0000000008001ef8        0x0
 .v4_bx         0x0000000008001ef8        0x0 linker stubs

.iplt           0x0000000008001ef8        0x0
 .iplt          0x0000000008001ef8        0x0 /opt/gcc-arm/gcc-arm-none-eabi-10.3-2021.10/bin/../lib/gcc/arm-none-eabi/10.3.1/thumb/v7e-m+fp/hard/crtbegin.o

.rodata         0x0000000008001ef8       0x10
                0x0000000008001ef8                . = ALIGN (0x4)
 *(.rodata)
 *(.rodata*)
 .rodata.AHBPrescTable
                0x0000000008001ef8       0x10 build/system_stm32f4xx.o
                0x0000000008001ef8                AHBPrescTable
                0x0000000008001f08                . = ALIGN (0x4)

.ARM.extab
 *(.ARM.extab* .gnu.linkonce.armextab.*)

.ARM            0x0000000008001f08        0x8
                0x0000000008001f08                __exidx_start = .
 *(.ARM.exidx*)
 .ARM.exidx     0x0000000008001f08        0x8 /opt/gcc-arm/gcc-arm-none-eabi-10.3-2021.10/bin/../lib/gcc/arm-none-eabi/10.3.1/thumb/v7e-m+fp/hard/libgcc.a(_udivmoddi4.o)
                0x0000000008001f10                __exidx_end = .

.rel.dyn        0x0000000008001f10        0x0
 .rel.iplt      0x0000000008001f10        0x0 /opt/gcc-arm/gcc-arm-none-eabi-10.3-2021.10/bin/../lib/gcc/arm-none-eabi/10.3.1/thumb/v7e-m+fp/hard/crtbegin.o

.preinit_array  0x0000000008001f10        0x0
                0x0000000008001f10                PROVIDE (__preinit_array_start = .)
 *(.preinit_array*)
                0x0000000008001f10                PROVIDE (__preinit_array_end = .)

.init_array     0x0000000008001f10        0x4
                0x0000000008001f10                PROVIDE (__init_array_start = .)
 *(SORT_BY_NAME(.init_array.*))
 *(.init_array*)
 .init_array    0x0000000008001f10        0x4 /opt/gcc-arm/gcc-arm-none-eabi-10.3-2021.10/bin/../lib/gcc/arm-none-eabi/10.3.1/thumb/v7e-m+fp/hard/crtbegin.o
                0x0000000008001f14                PROVIDE (__init_array_end = .)

.fini_array     0x0000000008001f14        0x4
                [!provide]                        PROVIDE (__fini_array_start = .)
 *(SORT_BY_NAME(.fini_array.*))
 *(.fini_array*)
 .fini_array    0x0000000008001f14        0x4 /opt/gcc-arm/gcc-arm-none-eabi-10.3-2021.10/bin/../lib/gcc/arm-none-eabi/10.3.1/thumb/v7e-m+fp/hard/crtbegin.o
                [!provide]                        PROVIDE (__fini_array_end = .)
                0x0000000008001f18                _sidata = LOADADDR (.data)

.data           0x0000000020000000       0x14 load address 0x0000000008001f18
                0x0000000020000000                . = ALIGN (0x4)
                0x0000000020000000                _sdata = .
 *(.data)
 *(.data*)
 .data.buffer1  0x0000000020000000        0x8 build/main.o
                0x0000000020000000                buffer1
 .data.uwTickFreq
                0x0000000020000008        0x1 build/stm32f4xx_hal.o
                0x0000000020000008                uwTickFreq
 *fill*         0x0000000020000009        0x3 
 .data.uwTickPrio
                0x000000002000000c        0x4 build/stm32f4xx_hal.o
                0x000000002000000c                uwTickPrio
 .data.SystemCoreClock
                0x0000000020000010        0x4 build/system_stm32f4xx.o
                0x0000000020000010                SystemCoreClock
                0x0000000020000014                . = ALIGN (0x4)
                0x0000000020000014                _edata = .

.igot.plt       0x0000000020000014        0x0 load address 0x0000000008001f2c
 .igot.plt      0x0000000020000014        0x0 /opt/gcc-arm/gcc-arm-none-eabi-10.3-2021.10/bin/../lib/gcc/arm-none-eabi/10.3.1/thumb/v7e-m+fp/hard/crtbegin.o
                0x0000000020000014                . = ALIGN (0x4)

.bss            0x0000000020000014       0xa8 load address 0x0000000008001f2c
                0x0000000020000014                _sbss = .
                0x0000000020000014                __bss_start__ = _sbss
 *(.bss)
 .bss           0x0000000020000014       0x1c /opt/gcc-arm/gcc-arm-none-eabi-10.3-2021.10/bin/../lib/gcc/arm-none-eabi/10.3.1/thumb/v7e-m+fp/hard/crtbegin.o
 *(.bss*)
 .bss.buffer2   0x0000000020000030        0x8 build/main.o
                0x0000000020000030                buffer2
 .bss.hspi1     0x0000000020000038       0x58 build/spi.o
                0x0000000020000038                hspi1
 .bss.uwTick    0x0000000020000090        0x4 build/stm32f4xx_hal.o
                0x0000000020000090                uwTick
 .bss.w25qxx    0x0000000020000094       0x28 build/w25qxx.o
                0x0000000020000094                w25qxx
 *(COMMON)
                0x00000000200000bc                . = ALIGN (0x4)
                0x00000000200000bc                _ebss = .
                0x00000000200000bc                __bss_end__ = _ebss

._user_heap_stack
                0x00000000200000bc      0x604 load address 0x0000000008001f2c
                0x00000000200000c0                . = ALIGN (0x8)
 *fill*         0x00000000200000bc        0x4 
                [!provide]                        PROVIDE (end = .)
                [!provide]                        PROVIDE (_end = .)
                0x00000000200002c0                . = (. + _Min_Heap_Size)
 *fill*         0x00000000200000c0      0x200 
                0x00000000200006c0                . = (. + _Min_Stack_Size)
 *fill*         0x00000000200002c0      0x400 
                0x00000000200006c0                . = ALIGN (0x8)

/DISCARD/
 libc.a(*)
 libm.a(*)
 libgcc.a(*)

.ARM.attributes
                0x0000000000000000       0x30
 *(.ARM.attributes)
 .ARM.attributes
                0x0000000000000000       0x1e /opt/gcc-arm/gcc-arm-none-eabi-10.3-2021.10/bin/../lib/gcc/arm-none-eabi/10.3.1/thumb/v7e-m+fp/hard/crti.o
 .ARM.attributes
                0x000000000000001e       0x34 /opt/gcc-arm/gcc-arm-none-eabi-10.3-2021.10/bin/../lib/gcc/arm-none-eabi/10.3.1/thumb/v7e-m+fp/hard/crtbegin.o
 .ARM.attributes
                0x0000000000000052       0x34 build/main.o
 .ARM.attributes
                0x0000000000000086       0x34 build/gpio.o
 .ARM.attributes
                0x00000000000000ba       0x34 build/spi.o
 .ARM.attributes
                0x00000000000000ee       0x34 build/stm32f4xx_it.o
 .ARM.attributes
                0x0000000000000122       0x34 build/stm32f4xx_hal_msp.o
 .ARM.attributes
                0x0000000000000156       0x34 build/stm32f4xx_hal_spi.o
 .ARM.attributes
                0x000000000000018a       0x34 build/stm32f4xx_hal_rcc.o
 .ARM.attributes
                0x00000000000001be       0x34 build/stm32f4xx_hal_gpio.o
 .ARM.attributes
                0x00000000000001f2       0x34 build/stm32f4xx_hal_cortex.o
 .ARM.attributes
                0x0000000000000226       0x34 build/stm32f4xx_hal.o
 .ARM.attributes
                0x000000000000025a       0x34 build/w25qxx.o
 .ARM.attributes
                0x000000000000028e       0x34 build/system_stm32f4xx.o
 .ARM.attributes
                0x00000000000002c2       0x21 build/startup_stm32f411xe.o
 .ARM.attributes
                0x00000000000002e3       0x34 /opt/gcc-arm/gcc-arm-none-eabi-10.3-2021.10/bin/../lib/gcc/arm-none-eabi/10.3.1/../../../../arm-none-eabi/lib/thumb/v7e-m+fp/hard/libc_nano.a(lib_a-init.o)
 .ARM.attributes
                0x0000000000000317       0x34 /opt/gcc-arm/gcc-arm-none-eabi-10.3-2021.10/bin/../lib/gcc/arm-none-eabi/10.3.1/../../../../arm-none-eabi/lib/thumb/v7e-m+fp/hard/libc_nano.a(lib_a-memset.o)
 .ARM.attributes
                0x000000000000034b       0x1e /opt/gcc-arm/gcc-arm-none-eabi-10.3-2021.10/bin/../lib/gcc/arm-none-eabi/10.3.1/thumb/v7e-m+fp/hard/libgcc.a(_aeabi_uldivmod.o)
 .ARM.attributes
                0x0000000000000369       0x34 /opt/gcc-arm/gcc-arm-none-eabi-10.3-2021.10/bin/../lib/gcc/arm-none-eabi/10.3.1/thumb/v7e-m+fp/hard/libgcc.a(_udivmoddi4.o)
 .ARM.attributes
                0x000000000000039d       0x1e /opt/gcc-arm/gcc-arm-none-eabi-10.3-2021.10/bin/../lib/gcc/arm-none-eabi/10.3.1/thumb/v7e-m+fp/hard/libgcc.a(_dvmd_tls.o)
 .ARM.attributes
                0x00000000000003bb       0x1e /opt/gcc-arm/gcc-arm-none-eabi-10.3-2021.10/bin/../lib/gcc/arm-none-eabi/10.3.1/thumb/v7e-m+fp/hard/crtn.o
OUTPUT(build/spiflash.elf elf32-littlearm)
LOAD linker stubs
LOAD /opt/gcc-arm/gcc-arm-none-eabi-10.3-2021.10/bin/../lib/gcc/arm-none-eabi/10.3.1/../../../../arm-none-eabi/lib/thumb/v7e-m+fp/hard/libc.a
LOAD /opt/gcc-arm/gcc-arm-none-eabi-10.3-2021.10/bin/../lib/gcc/arm-none-eabi/10.3.1/../../../../arm-none-eabi/lib/thumb/v7e-m+fp/hard/libm.a
LOAD /opt/gcc-arm/gcc-arm-none-eabi-10.3-2021.10/bin/../lib/gcc/arm-none-eabi/10.3.1/thumb/v7e-m+fp/hard/libgcc.a

.debug_info     0x0000000000000000     0x9825
 .debug_info    0x0000000000000000      0x710 build/main.o
 .debug_info    0x0000000000000710      0x4f3 build/gpio.o
 .debug_info    0x0000000000000c03      0xb41 build/spi.o
 .debug_info    0x0000000000001744      0x15a build/stm32f4xx_it.o
 .debug_info    0x000000000000189e      0x31d build/stm32f4xx_hal_msp.o
 .debug_info    0x0000000000001bbb     0x200d build/stm32f4xx_hal_spi.o
 .debug_info    0x0000000000003bc8      0xc14 build/stm32f4xx_hal_rcc.o
 .debug_info    0x00000000000047dc      0x872 build/stm32f4xx_hal_gpio.o
 .debug_info    0x000000000000504e     0x10e4 build/stm32f4xx_hal_cortex.o
 .debug_info    0x0000000000006132      0xa67 build/stm32f4xx_hal.o
 .debug_info    0x0000000000006b99     0x2685 build/w25qxx.o
 .debug_info    0x000000000000921e      0x5e5 build/system_stm32f4xx.o
 .debug_info    0x0000000000009803       0x22 build/startup_stm32f411xe.o

.debug_abbrev   0x0000000000000000     0x17a7
 .debug_abbrev  0x0000000000000000      0x1f6 build/main.o
 .debug_abbrev  0x00000000000001f6      0x151 build/gpio.o
 .debug_abbrev  0x0000000000000347      0x1d7 build/spi.o
 .debug_abbrev  0x000000000000051e       0x81 build/stm32f4xx_it.o
 .debug_abbrev  0x000000000000059f       0xd3 build/stm32f4xx_hal_msp.o
 .debug_abbrev  0x0000000000000672      0x2a6 build/stm32f4xx_hal_spi.o
 .debug_abbrev  0x0000000000000918      0x2aa build/stm32f4xx_hal_rcc.o
 .debug_abbrev  0x0000000000000bc2      0x22b build/stm32f4xx_hal_gpio.o
 .debug_abbrev  0x0000000000000ded      0x382 build/stm32f4xx_hal_cortex.o
 .debug_abbrev  0x000000000000116f      0x23a build/stm32f4xx_hal.o
 .debug_abbrev  0x00000000000013a9      0x2d1 build/w25qxx.o
 .debug_abbrev  0x000000000000167a      0x11b build/system_stm32f4xx.o
 .debug_abbrev  0x0000000000001795       0x12 build/startup_stm32f411xe.o

.debug_loc      0x0000000000000000     0x4f4d
 .debug_loc     0x0000000000000000       0x66 build/main.o
 .debug_loc     0x0000000000000066       0x38 build/gpio.o
 .debug_loc     0x000000000000009e      0x108 build/spi.o
 .debug_loc     0x00000000000001a6       0x20 build/stm32f4xx_it.o
 .debug_loc     0x00000000000001c6       0x2c build/stm32f4xx_hal_msp.o
 .debug_loc     0x00000000000001f2     0x2501 build/stm32f4xx_hal_spi.o
 .debug_loc     0x00000000000026f3      0x6e4 build/stm32f4xx_hal_rcc.o
 .debug_loc     0x0000000000002dd7      0x5e8 build/stm32f4xx_hal_gpio.o
 .debug_loc     0x00000000000033bf      0x7a4 build/stm32f4xx_hal_cortex.o
 .debug_loc     0x0000000000003b63      0x1e1 build/stm32f4xx_hal.o
 .debug_loc     0x0000000000003d44     0x10b1 build/w25qxx.o
 .debug_loc     0x0000000000004df5      0x158 build/system_stm32f4xx.o

.debug_aranges  0x0000000000000000      0x698
 .debug_aranges
                0x0000000000000000       0x30 build/main.o
 .debug_aranges
                0x0000000000000030       0x20 build/gpio.o
 .debug_aranges
                0x0000000000000050       0x30 build/spi.o
 .debug_aranges
                0x0000000000000080       0x60 build/stm32f4xx_it.o
 .debug_aranges
                0x00000000000000e0       0x20 build/stm32f4xx_hal_msp.o
 .debug_aranges
                0x0000000000000100      0x1d0 build/stm32f4xx_hal_spi.o
 .debug_aranges
                0x00000000000002d0       0x88 build/stm32f4xx_hal_rcc.o
 .debug_aranges
                0x0000000000000358       0x58 build/stm32f4xx_hal_gpio.o
 .debug_aranges
                0x00000000000003b0       0xa8 build/stm32f4xx_hal_cortex.o
 .debug_aranges
                0x0000000000000458       0xf0 build/stm32f4xx_hal.o
 .debug_aranges
                0x0000000000000548      0x100 build/w25qxx.o
 .debug_aranges
                0x0000000000000648       0x28 build/system_stm32f4xx.o
 .debug_aranges
                0x0000000000000670       0x28 build/startup_stm32f411xe.o

.debug_ranges   0x0000000000000000      0x648
 .debug_ranges  0x0000000000000000       0x20 build/main.o
 .debug_ranges  0x0000000000000020       0x10 build/gpio.o
 .debug_ranges  0x0000000000000030       0x20 build/spi.o
 .debug_ranges  0x0000000000000050       0x50 build/stm32f4xx_it.o
 .debug_ranges  0x00000000000000a0       0x10 build/stm32f4xx_hal_msp.o
 .debug_ranges  0x00000000000000b0      0x1c0 build/stm32f4xx_hal_spi.o
 .debug_ranges  0x0000000000000270       0x90 build/stm32f4xx_hal_rcc.o
 .debug_ranges  0x0000000000000300       0x48 build/stm32f4xx_hal_gpio.o
 .debug_ranges  0x0000000000000348       0xf8 build/stm32f4xx_hal_cortex.o
 .debug_ranges  0x0000000000000440       0xe0 build/stm32f4xx_hal.o
 .debug_ranges  0x0000000000000520       0xf0 build/w25qxx.o
 .debug_ranges  0x0000000000000610       0x18 build/system_stm32f4xx.o
 .debug_ranges  0x0000000000000628       0x20 build/startup_stm32f411xe.o

.debug_line     0x0000000000000000     0x614c
 .debug_line    0x0000000000000000      0x31a build/main.o
 .debug_line    0x000000000000031a      0x1a8 build/gpio.o
 .debug_line    0x00000000000004c2      0x2d2 build/spi.o
 .debug_line    0x0000000000000794      0x177 build/stm32f4xx_it.o
 .debug_line    0x000000000000090b      0x14c build/stm32f4xx_hal_msp.o
 .debug_line    0x0000000000000a57     0x24db build/stm32f4xx_hal_spi.o
 .debug_line    0x0000000000002f32      0xb01 build/stm32f4xx_hal_rcc.o
 .debug_line    0x0000000000003a33      0x6b5 build/stm32f4xx_hal_gpio.o
 .debug_line    0x00000000000040e8      0x76a build/stm32f4xx_hal_cortex.o
 .debug_line    0x0000000000004852      0x557 build/stm32f4xx_hal.o
 .debug_line    0x0000000000004da9     0x10eb build/w25qxx.o
 .debug_line    0x0000000000005e94      0x242 build/system_stm32f4xx.o
 .debug_line    0x00000000000060d6       0x76 build/startup_stm32f411xe.o

.debug_str      0x0000000000000000     0x23d4
 .debug_str     0x0000000000000000      0x488 build/main.o
                                        0x4d9 (size before relaxing)
 .debug_str     0x0000000000000488       0xbf build/gpio.o
                                        0x368 (size before relaxing)
 .debug_str     0x0000000000000547      0x435 build/spi.o
                                        0x7f1 (size before relaxing)
 .debug_str     0x000000000000097c       0xb4 build/stm32f4xx_it.o
                                        0x219 (size before relaxing)
 .debug_str     0x0000000000000a30       0x29 build/stm32f4xx_hal_msp.o
                                        0x2b7 (size before relaxing)
 .debug_str     0x0000000000000a59      0x59e build/stm32f4xx_hal_spi.o
                                        0xbe4 (size before relaxing)
 .debug_str     0x0000000000000ff7      0x20d build/stm32f4xx_hal_rcc.o
                                        0x702 (size before relaxing)
 .debug_str     0x0000000000001204      0x125 build/stm32f4xx_hal_gpio.o
                                        0x4dc (size before relaxing)
 .debug_str     0x0000000000001329      0x8a7 build/stm32f4xx_hal_cortex.o
                                        0xabe (size before relaxing)
 .debug_str     0x0000000000001bd0      0x29f build/stm32f4xx_hal.o
                                        0x9fe (size before relaxing)
 .debug_str     0x0000000000001e6f      0x4fa build/w25qxx.o
                                        0xbfd (size before relaxing)
 .debug_str     0x0000000000002369       0x47 build/system_stm32f4xx.o
                                        0x371 (size before relaxing)
 .debug_str     0x00000000000023b0       0x24 build/startup_stm32f411xe.o
                                         0x54 (size before relaxing)

.comment        0x0000000000000000       0x49
 .comment       0x0000000000000000       0x49 build/main.o
                                         0x4a (size before relaxing)
 .comment       0x0000000000000049       0x4a build/gpio.o
 .comment       0x0000000000000049       0x4a build/spi.o
 .comment       0x0000000000000049       0x4a build/stm32f4xx_it.o
 .comment       0x0000000000000049       0x4a build/stm32f4xx_hal_msp.o
 .comment       0x0000000000000049       0x4a build/stm32f4xx_hal_spi.o
 .comment       0x0000000000000049       0x4a build/stm32f4xx_hal_rcc.o
 .comment       0x0000000000000049       0x4a build/stm32f4xx_hal_gpio.o
 .comment       0x0000000000000049       0x4a build/stm32f4xx_hal_cortex.o
 .comment       0x0000000000000049       0x4a build/stm32f4xx_hal.o
 .comment       0x0000000000000049       0x4a build/w25qxx.o
 .comment       0x0000000000000049       0x4a build/system_stm32f4xx.o

.debug_frame    0x0000000000000000     0x10d0
 .debug_frame   0x0000000000000000       0x58 build/main.o
 .debug_frame   0x0000000000000058       0x30 build/gpio.o
 .debug_frame   0x0000000000000088       0x60 build/spi.o
 .debug_frame   0x00000000000000e8       0xa8 build/stm32f4xx_it.o
 .debug_frame   0x0000000000000190       0x28 build/stm32f4xx_hal_msp.o
 .debug_frame   0x00000000000001b8      0x5a4 build/stm32f4xx_hal_spi.o
 .debug_frame   0x000000000000075c      0x16c build/stm32f4xx_hal_rcc.o
 .debug_frame   0x00000000000008c8       0xd8 build/stm32f4xx_hal_gpio.o
 .debug_frame   0x00000000000009a0      0x148 build/stm32f4xx_hal_cortex.o
 .debug_frame   0x0000000000000ae8      0x1ec build/stm32f4xx_hal.o
 .debug_frame   0x0000000000000cd4      0x320 build/w25qxx.o
 .debug_frame   0x0000000000000ff4       0x30 build/system_stm32f4xx.o
 .debug_frame   0x0000000000001024       0x2c /opt/gcc-arm/gcc-arm-none-eabi-10.3-2021.10/bin/../lib/gcc/arm-none-eabi/10.3.1/../../../../arm-none-eabi/lib/thumb/v7e-m+fp/hard/libc_nano.a(lib_a-init.o)
 .debug_frame   0x0000000000001050       0x20 /opt/gcc-arm/gcc-arm-none-eabi-10.3-2021.10/bin/../lib/gcc/arm-none-eabi/10.3.1/../../../../arm-none-eabi/lib/thumb/v7e-m+fp/hard/libc_nano.a(lib_a-memset.o)
 .debug_frame   0x0000000000001070       0x2c /opt/gcc-arm/gcc-arm-none-eabi-10.3-2021.10/bin/../lib/gcc/arm-none-eabi/10.3.1/thumb/v7e-m+fp/hard/libgcc.a(_aeabi_uldivmod.o)
 .debug_frame   0x000000000000109c       0x34 /opt/gcc-arm/gcc-arm-none-eabi-10.3-2021.10/bin/../lib/gcc/arm-none-eabi/10.3.1/thumb/v7e-m+fp/hard/libgcc.a(_udivmoddi4.o)

Cross Reference Table

Symbol                                            File
ADC_IRQHandler                                    build/startup_stm32f411xe.o
AHBPrescTable                                     build/system_stm32f4xx.o
                                                  build/stm32f4xx_hal_rcc.o
APBPrescTable                                     build/system_stm32f4xx.o
                                                  build/stm32f4xx_hal_rcc.o
BusFault_Handler                                  build/stm32f4xx_it.o
DMA1_Stream0_IRQHandler                           build/startup_stm32f411xe.o
DMA1_Stream1_IRQHandler                           build/startup_stm32f411xe.o
DMA1_Stream2_IRQHandler                           build/startup_stm32f411xe.o
DMA1_Stream3_IRQHandler                           build/startup_stm32f411xe.o
DMA1_Stream4_IRQHandler                           build/startup_stm32f411xe.o
DMA1_Stream5_IRQHandler                           build/startup_stm32f411xe.o
DMA1_Stream6_IRQHandler                           build/startup_stm32f411xe.o
DMA1_Stream7_IRQHandler                           build/startup_stm32f411xe.o
DMA2_Stream0_IRQHandler                           build/startup_stm32f411xe.o
DMA2_Stream1_IRQHandler                           build/startup_stm32f411xe.o
DMA2_Stream2_IRQHandler                           build/startup_stm32f411xe.o
DMA2_Stream3_IRQHandler                           build/startup_stm32f411xe.o
DMA2_Stream4_IRQHandler                           build/startup_stm32f411xe.o
DMA2_Stream5_IRQHandler                           build/startup_stm32f411xe.o
DMA2_Stream6_IRQHandler                           build/startup_stm32f411xe.o
DMA2_Stream7_IRQHandler                           build/startup_stm32f411xe.o
DebugMon_Handler                                  build/stm32f4xx_it.o
Default_Handler                                   build/startup_stm32f411xe.o
EXTI0_IRQHandler                                  build/startup_stm32f411xe.o
EXTI15_10_IRQHandler                              build/startup_stm32f411xe.o
EXTI1_IRQHandler                                  build/startup_stm32f411xe.o
EXTI2_IRQHandler                                  build/startup_stm32f411xe.o
EXTI3_IRQHandler                                  build/startup_stm32f411xe.o
EXTI4_IRQHandler                                  build/startup_stm32f411xe.o
EXTI9_5_IRQHandler                                build/startup_stm32f411xe.o
Error_Handler                                     build/main.o
                                                  build/spi.o
FLASH_Erase_Sector                                build/stm32f4xx_hal_flash_ex.o
                                                  build/stm32f4xx_hal_flash.o
FLASH_FlushCaches                                 build/stm32f4xx_hal_flash_ex.o
                                                  build/stm32f4xx_hal_flash.o
FLASH_IRQHandler                                  build/startup_stm32f411xe.o
FLASH_WaitForLastOperation                        build/stm32f4xx_hal_flash.o
                                                  build/stm32f4xx_hal_flash_ex.o
FPU_IRQHandler                                    build/startup_stm32f411xe.o
HAL_DBGMCU_DisableDBGSleepMode                    build/stm32f4xx_hal.o
HAL_DBGMCU_DisableDBGStandbyMode                  build/stm32f4xx_hal.o
HAL_DBGMCU_DisableDBGStopMode                     build/stm32f4xx_hal.o
HAL_DBGMCU_EnableDBGSleepMode                     build/stm32f4xx_hal.o
HAL_DBGMCU_EnableDBGStandbyMode                   build/stm32f4xx_hal.o
HAL_DBGMCU_EnableDBGStopMode                      build/stm32f4xx_hal.o
HAL_DMAEx_ChangeMemory                            build/stm32f4xx_hal_dma_ex.o
HAL_DMAEx_MultiBufferStart                        build/stm32f4xx_hal_dma_ex.o
HAL_DMAEx_MultiBufferStart_IT                     build/stm32f4xx_hal_dma_ex.o
HAL_DMA_Abort                                     build/stm32f4xx_hal_dma.o
                                                  build/stm32f4xx_hal_spi.o
HAL_DMA_Abort_IT                                  build/stm32f4xx_hal_dma.o
                                                  build/stm32f4xx_hal_spi.o
HAL_DMA_DeInit                                    build/stm32f4xx_hal_dma.o
HAL_DMA_GetError                                  build/stm32f4xx_hal_dma.o
HAL_DMA_GetState                                  build/stm32f4xx_hal_dma.o
HAL_DMA_IRQHandler                                build/stm32f4xx_hal_dma.o
HAL_DMA_Init                                      build/stm32f4xx_hal_dma.o
HAL_DMA_PollForTransfer                           build/stm32f4xx_hal_dma.o
HAL_DMA_RegisterCallback                          build/stm32f4xx_hal_dma.o
HAL_DMA_Start                                     build/stm32f4xx_hal_dma.o
HAL_DMA_Start_IT                                  build/stm32f4xx_hal_dma.o
                                                  build/stm32f4xx_hal_spi.o
HAL_DMA_UnRegisterCallback                        build/stm32f4xx_hal_dma.o
HAL_DeInit                                        build/stm32f4xx_hal.o
HAL_Delay                                         build/stm32f4xx_hal.o
                                                  build/w25qxx.o
HAL_DisableCompensationCell                       build/stm32f4xx_hal.o
HAL_EXTI_ClearConfigLine                          build/stm32f4xx_hal_exti.o
HAL_EXTI_ClearPending                             build/stm32f4xx_hal_exti.o
HAL_EXTI_GenerateSWI                              build/stm32f4xx_hal_exti.o
HAL_EXTI_GetConfigLine                            build/stm32f4xx_hal_exti.o
HAL_EXTI_GetHandle                                build/stm32f4xx_hal_exti.o
HAL_EXTI_GetPending                               build/stm32f4xx_hal_exti.o
HAL_EXTI_IRQHandler                               build/stm32f4xx_hal_exti.o
HAL_EXTI_RegisterCallback                         build/stm32f4xx_hal_exti.o
HAL_EXTI_SetConfigLine                            build/stm32f4xx_hal_exti.o
HAL_EnableCompensationCell                        build/stm32f4xx_hal.o
HAL_FLASHEx_AdvOBGetConfig                        build/stm32f4xx_hal_flash_ex.o
HAL_FLASHEx_AdvOBProgram                          build/stm32f4xx_hal_flash_ex.o
HAL_FLASHEx_DisableFlashSleepMode                 build/stm32f4xx_hal_flash_ramfunc.o
HAL_FLASHEx_EnableFlashSleepMode                  build/stm32f4xx_hal_flash_ramfunc.o
HAL_FLASHEx_Erase                                 build/stm32f4xx_hal_flash_ex.o
HAL_FLASHEx_Erase_IT                              build/stm32f4xx_hal_flash_ex.o
HAL_FLASHEx_OBGetConfig                           build/stm32f4xx_hal_flash_ex.o
HAL_FLASHEx_OBProgram                             build/stm32f4xx_hal_flash_ex.o
HAL_FLASHEx_OB_DeSelectPCROP                      build/stm32f4xx_hal_flash_ex.o
HAL_FLASHEx_OB_SelectPCROP                        build/stm32f4xx_hal_flash_ex.o
HAL_FLASHEx_StartFlashInterfaceClk                build/stm32f4xx_hal_flash_ramfunc.o
HAL_FLASHEx_StopFlashInterfaceClk                 build/stm32f4xx_hal_flash_ramfunc.o
HAL_FLASH_EndOfOperationCallback                  build/stm32f4xx_hal_flash.o
HAL_FLASH_GetError                                build/stm32f4xx_hal_flash.o
HAL_FLASH_IRQHandler                              build/stm32f4xx_hal_flash.o
HAL_FLASH_Lock                                    build/stm32f4xx_hal_flash.o
HAL_FLASH_OB_Launch                               build/stm32f4xx_hal_flash.o
HAL_FLASH_OB_Lock                                 build/stm32f4xx_hal_flash.o
HAL_FLASH_OB_Unlock                               build/stm32f4xx_hal_flash.o
HAL_FLASH_OperationErrorCallback                  build/stm32f4xx_hal_flash.o
HAL_FLASH_Program                                 build/stm32f4xx_hal_flash.o
HAL_FLASH_Program_IT                              build/stm32f4xx_hal_flash.o
HAL_FLASH_Unlock                                  build/stm32f4xx_hal_flash.o
HAL_GPIO_DeInit                                   build/stm32f4xx_hal_gpio.o
                                                  build/spi.o
HAL_GPIO_EXTI_Callback                            build/stm32f4xx_hal_gpio.o
HAL_GPIO_EXTI_IRQHandler                          build/stm32f4xx_hal_gpio.o
HAL_GPIO_Init                                     build/stm32f4xx_hal_gpio.o
                                                  build/stm32f4xx_hal_rcc.o
                                                  build/spi.o
                                                  build/gpio.o
HAL_GPIO_LockPin                                  build/stm32f4xx_hal_gpio.o
HAL_GPIO_ReadPin                                  build/stm32f4xx_hal_gpio.o
HAL_GPIO_TogglePin                                build/stm32f4xx_hal_gpio.o
HAL_GPIO_WritePin                                 build/stm32f4xx_hal_gpio.o
                                                  build/w25qxx.o
                                                  build/gpio.o
HAL_GetDEVID                                      build/stm32f4xx_hal.o
HAL_GetHalVersion                                 build/stm32f4xx_hal.o
HAL_GetREVID                                      build/stm32f4xx_hal.o
HAL_GetTick                                       build/stm32f4xx_hal.o
                                                  build/w25qxx.o
                                                  build/stm32f4xx_hal_pwr_ex.o
                                                  build/stm32f4xx_hal_dma.o
                                                  build/stm32f4xx_hal_flash.o
                                                  build/stm32f4xx_hal_rcc_ex.o
                                                  build/stm32f4xx_hal_rcc.o
                                                  build/stm32f4xx_hal_spi.o
HAL_GetTickFreq                                   build/stm32f4xx_hal.o
HAL_GetTickPrio                                   build/stm32f4xx_hal.o
HAL_GetUIDw0                                      build/stm32f4xx_hal.o
HAL_GetUIDw1                                      build/stm32f4xx_hal.o
HAL_GetUIDw2                                      build/stm32f4xx_hal.o
HAL_IncTick                                       build/stm32f4xx_hal.o
                                                  build/stm32f4xx_it.o
HAL_Init                                          build/stm32f4xx_hal.o
                                                  build/main.o
HAL_InitTick                                      build/stm32f4xx_hal.o
                                                  build/stm32f4xx_hal_rcc_ex.o
                                                  build/stm32f4xx_hal_rcc.o
HAL_MPU_ConfigRegion                              build/stm32f4xx_hal_cortex.o
HAL_MPU_Disable                                   build/stm32f4xx_hal_cortex.o
HAL_MPU_Enable                                    build/stm32f4xx_hal_cortex.o
HAL_MspDeInit                                     build/stm32f4xx_hal.o
HAL_MspInit                                       build/stm32f4xx_hal_msp.o
HAL_NVIC_ClearPendingIRQ                          build/stm32f4xx_hal_cortex.o
HAL_NVIC_DisableIRQ                               build/stm32f4xx_hal_cortex.o
HAL_NVIC_EnableIRQ                                build/stm32f4xx_hal_cortex.o
HAL_NVIC_GetActive                                build/stm32f4xx_hal_cortex.o
HAL_NVIC_GetPendingIRQ                            build/stm32f4xx_hal_cortex.o
HAL_NVIC_GetPriority                              build/stm32f4xx_hal_cortex.o
HAL_NVIC_GetPriorityGrouping                      build/stm32f4xx_hal_cortex.o
HAL_NVIC_SetPendingIRQ                            build/stm32f4xx_hal_cortex.o
HAL_NVIC_SetPriority                              build/stm32f4xx_hal_cortex.o
                                                  build/stm32f4xx_hal.o
HAL_NVIC_SetPriorityGrouping                      build/stm32f4xx_hal_cortex.o
                                                  build/stm32f4xx_hal.o
HAL_NVIC_SystemReset                              build/stm32f4xx_hal_cortex.o
HAL_PWREx_ControlVoltageScaling                   build/stm32f4xx_hal_pwr_ex.o
HAL_PWREx_DisableBkUpReg                          build/stm32f4xx_hal_pwr_ex.o
HAL_PWREx_DisableFlashPowerDown                   build/stm32f4xx_hal_pwr_ex.o
HAL_PWREx_DisableLowRegulatorLowVoltage           build/stm32f4xx_hal_pwr_ex.o
HAL_PWREx_DisableMainRegulatorLowVoltage          build/stm32f4xx_hal_pwr_ex.o
HAL_PWREx_EnableBkUpReg                           build/stm32f4xx_hal_pwr_ex.o
HAL_PWREx_EnableFlashPowerDown                    build/stm32f4xx_hal_pwr_ex.o
HAL_PWREx_EnableLowRegulatorLowVoltage            build/stm32f4xx_hal_pwr_ex.o
HAL_PWREx_EnableMainRegulatorLowVoltage           build/stm32f4xx_hal_pwr_ex.o
HAL_PWREx_GetVoltageRange                         build/stm32f4xx_hal_pwr_ex.o
HAL_PWR_ConfigPVD                                 build/stm32f4xx_hal_pwr.o
HAL_PWR_DeInit                                    build/stm32f4xx_hal_pwr.o
HAL_PWR_DisableBkUpAccess                         build/stm32f4xx_hal_pwr.o
HAL_PWR_DisablePVD                                build/stm32f4xx_hal_pwr.o
HAL_PWR_DisableSEVOnPend                          build/stm32f4xx_hal_pwr.o
HAL_PWR_DisableSleepOnExit                        build/stm32f4xx_hal_pwr.o
HAL_PWR_DisableWakeUpPin                          build/stm32f4xx_hal_pwr.o
HAL_PWR_EnableBkUpAccess                          build/stm32f4xx_hal_pwr.o
HAL_PWR_EnablePVD                                 build/stm32f4xx_hal_pwr.o
HAL_PWR_EnableSEVOnPend                           build/stm32f4xx_hal_pwr.o
HAL_PWR_EnableSleepOnExit                         build/stm32f4xx_hal_pwr.o
HAL_PWR_EnableWakeUpPin                           build/stm32f4xx_hal_pwr.o
HAL_PWR_EnterSLEEPMode                            build/stm32f4xx_hal_pwr.o
HAL_PWR_EnterSTANDBYMode                          build/stm32f4xx_hal_pwr.o
HAL_PWR_EnterSTOPMode                             build/stm32f4xx_hal_pwr.o
HAL_PWR_PVDCallback                               build/stm32f4xx_hal_pwr.o
HAL_PWR_PVD_IRQHandler                            build/stm32f4xx_hal_pwr.o
HAL_RCCEx_DisablePLLI2S                           build/stm32f4xx_hal_rcc_ex.o
HAL_RCCEx_EnablePLLI2S                            build/stm32f4xx_hal_rcc_ex.o
HAL_RCCEx_GetPeriphCLKConfig                      build/stm32f4xx_hal_rcc_ex.o
HAL_RCCEx_GetPeriphCLKFreq                        build/stm32f4xx_hal_rcc_ex.o
HAL_RCCEx_PeriphCLKConfig                         build/stm32f4xx_hal_rcc_ex.o
HAL_RCCEx_SelectLSEMode                           build/stm32f4xx_hal_rcc_ex.o
HAL_RCC_CSSCallback                               build/stm32f4xx_hal_rcc.o
HAL_RCC_ClockConfig                               build/stm32f4xx_hal_rcc.o
                                                  build/main.o
HAL_RCC_DeInit                                    build/stm32f4xx_hal_rcc_ex.o
                                                  build/stm32f4xx_hal_rcc.o
HAL_RCC_DisableCSS                                build/stm32f4xx_hal_rcc.o
HAL_RCC_EnableCSS                                 build/stm32f4xx_hal_rcc.o
HAL_RCC_GetClockConfig                            build/stm32f4xx_hal_rcc.o
HAL_RCC_GetHCLKFreq                               build/stm32f4xx_hal_rcc.o
HAL_RCC_GetOscConfig                              build/stm32f4xx_hal_rcc.o
HAL_RCC_GetPCLK1Freq                              build/stm32f4xx_hal_rcc.o
HAL_RCC_GetPCLK2Freq                              build/stm32f4xx_hal_rcc.o
HAL_RCC_GetSysClockFreq                           build/stm32f4xx_hal_rcc.o
HAL_RCC_MCOConfig                                 build/stm32f4xx_hal_rcc.o
HAL_RCC_NMI_IRQHandler                            build/stm32f4xx_hal_rcc.o
HAL_RCC_OscConfig                                 build/stm32f4xx_hal_rcc.o
                                                  build/main.o
HAL_ResumeTick                                    build/stm32f4xx_hal.o
HAL_SPI_Abort                                     build/stm32f4xx_hal_spi.o
HAL_SPI_AbortCpltCallback                         build/stm32f4xx_hal_spi.o
HAL_SPI_Abort_IT                                  build/stm32f4xx_hal_spi.o
HAL_SPI_DMAPause                                  build/stm32f4xx_hal_spi.o
HAL_SPI_DMAResume                                 build/stm32f4xx_hal_spi.o
HAL_SPI_DMAStop                                   build/stm32f4xx_hal_spi.o
HAL_SPI_DeInit                                    build/stm32f4xx_hal_spi.o
HAL_SPI_ErrorCallback                             build/stm32f4xx_hal_spi.o
HAL_SPI_GetError                                  build/stm32f4xx_hal_spi.o
HAL_SPI_GetState                                  build/stm32f4xx_hal_spi.o
HAL_SPI_IRQHandler                                build/stm32f4xx_hal_spi.o
HAL_SPI_Init                                      build/stm32f4xx_hal_spi.o
                                                  build/spi.o
HAL_SPI_MspDeInit                                 build/spi.o
HAL_SPI_MspInit                                   build/spi.o
HAL_SPI_Receive                                   build/stm32f4xx_hal_spi.o
                                                  build/w25qxx.o
HAL_SPI_Receive_DMA                               build/stm32f4xx_hal_spi.o
HAL_SPI_Receive_IT                                build/stm32f4xx_hal_spi.o
HAL_SPI_RxCpltCallback                            build/stm32f4xx_hal_spi.o
HAL_SPI_RxHalfCpltCallback                        build/stm32f4xx_hal_spi.o
HAL_SPI_Transmit                                  build/stm32f4xx_hal_spi.o
                                                  build/w25qxx.o
HAL_SPI_TransmitReceive                           build/stm32f4xx_hal_spi.o
                                                  build/w25qxx.o
HAL_SPI_TransmitReceive_DMA                       build/stm32f4xx_hal_spi.o
HAL_SPI_TransmitReceive_IT                        build/stm32f4xx_hal_spi.o
HAL_SPI_Transmit_DMA                              build/stm32f4xx_hal_spi.o
HAL_SPI_Transmit_IT                               build/stm32f4xx_hal_spi.o
HAL_SPI_TxCpltCallback                            build/stm32f4xx_hal_spi.o
HAL_SPI_TxHalfCpltCallback                        build/stm32f4xx_hal_spi.o
HAL_SPI_TxRxCpltCallback                          build/stm32f4xx_hal_spi.o
HAL_SPI_TxRxHalfCpltCallback                      build/stm32f4xx_hal_spi.o
HAL_SYSTICK_CLKSourceConfig                       build/stm32f4xx_hal_cortex.o
HAL_SYSTICK_Callback                              build/stm32f4xx_hal_cortex.o
HAL_SYSTICK_Config                                build/stm32f4xx_hal_cortex.o
                                                  build/stm32f4xx_hal.o
HAL_SYSTICK_IRQHandler                            build/stm32f4xx_hal_cortex.o
HAL_SetTickFreq                                   build/stm32f4xx_hal.o
HAL_SuspendTick                                   build/stm32f4xx_hal.o
HardFault_Handler                                 build/stm32f4xx_it.o
I2C1_ER_IRQHandler                                build/startup_stm32f411xe.o
I2C1_EV_IRQHandler                                build/startup_stm32f411xe.o
I2C2_ER_IRQHandler                                build/startup_stm32f411xe.o
I2C2_EV_IRQHandler                                build/startup_stm32f411xe.o
I2C3_ER_IRQHandler                                build/startup_stm32f411xe.o
I2C3_EV_IRQHandler                                build/startup_stm32f411xe.o
MX_GPIO_Init                                      build/gpio.o
                                                  build/main.o
MX_SPI1_Init                                      build/spi.o
                                                  build/main.o
MemManage_Handler                                 build/stm32f4xx_it.o
NMI_Handler                                       build/stm32f4xx_it.o
OTG_FS_IRQHandler                                 build/startup_stm32f411xe.o
OTG_FS_WKUP_IRQHandler                            build/startup_stm32f411xe.o
PVD_IRQHandler                                    build/startup_stm32f411xe.o
PendSV_Handler                                    build/stm32f4xx_it.o
RCC_IRQHandler                                    build/startup_stm32f411xe.o
RTC_Alarm_IRQHandler                              build/startup_stm32f411xe.o
RTC_WKUP_IRQHandler                               build/startup_stm32f411xe.o
Reset_Handler                                     build/startup_stm32f411xe.o
SDIO_IRQHandler                                   build/startup_stm32f411xe.o
SPI1_IRQHandler                                   build/startup_stm32f411xe.o
SPI2_IRQHandler                                   build/startup_stm32f411xe.o
SPI3_IRQHandler                                   build/startup_stm32f411xe.o
SPI4_IRQHandler                                   build/startup_stm32f411xe.o
SPI5_IRQHandler                                   build/startup_stm32f411xe.o
SVC_Handler                                       build/stm32f4xx_it.o
SysTick_Handler                                   build/stm32f4xx_it.o
SystemClock_Config                                build/main.o
SystemCoreClock                                   build/system_stm32f4xx.o
                                                  build/stm32f4xx_hal.o
                                                  build/stm32f4xx_hal_dma.o
                                                  build/stm32f4xx_hal_rcc_ex.o
                                                  build/stm32f4xx_hal_rcc.o
                                                  build/stm32f4xx_hal_spi.o
SystemCoreClockUpdate                             build/system_stm32f4xx.o
SystemInit                                        build/system_stm32f4xx.o
                                                  build/startup_stm32f411xe.o
TAMP_STAMP_IRQHandler                             build/startup_stm32f411xe.o
TIM1_BRK_TIM9_IRQHandler                          build/startup_stm32f411xe.o
TIM1_CC_IRQHandler                                build/startup_stm32f411xe.o
TIM1_TRG_COM_TIM11_IRQHandler                     build/startup_stm32f411xe.o
TIM1_UP_TIM10_IRQHandler                          build/startup_stm32f411xe.o
TIM2_IRQHandler                                   build/startup_stm32f411xe.o
TIM3_IRQHandler                                   build/startup_stm32f411xe.o
TIM4_IRQHandler                                   build/startup_stm32f411xe.o
TIM5_IRQHandler                                   build/startup_stm32f411xe.o
USART1_IRQHandler                                 build/startup_stm32f411xe.o
USART2_IRQHandler                                 build/startup_stm32f411xe.o
USART6_IRQHandler                                 build/startup_stm32f411xe.o
UsageFault_Handler                                build/stm32f4xx_it.o
W25qxx_BlockToPage                                build/w25qxx.o
W25qxx_EraseBlock                                 build/w25qxx.o
W25qxx_EraseChip                                  build/w25qxx.o
W25qxx_EraseSector                                build/w25qxx.o
                                                  build/main.o
W25qxx_Init                                       build/w25qxx.o
                                                  build/main.o
W25qxx_IsEmptyBlock                               build/w25qxx.o
W25qxx_IsEmptyPage                                build/w25qxx.o
W25qxx_IsEmptySector                              build/w25qxx.o
W25qxx_PageToBlock                                build/w25qxx.o
W25qxx_PageToSector                               build/w25qxx.o
W25qxx_ReadBlock                                  build/w25qxx.o
W25qxx_ReadByte                                   build/w25qxx.o
W25qxx_ReadBytes                                  build/w25qxx.o
W25qxx_ReadID                                     build/w25qxx.o
W25qxx_ReadPage                                   build/w25qxx.o
W25qxx_ReadSector                                 build/w25qxx.o
                                                  build/main.o
W25qxx_ReadStatusRegister                         build/w25qxx.o
W25qxx_ReadUniqID                                 build/w25qxx.o
W25qxx_SectorToBlock                              build/w25qxx.o
W25qxx_SectorToPage                               build/w25qxx.o
W25qxx_Spi                                        build/w25qxx.o
W25qxx_WaitForWriteEnd                            build/w25qxx.o
W25qxx_WriteBlock                                 build/w25qxx.o
W25qxx_WriteByte                                  build/w25qxx.o
W25qxx_WriteDisable                               build/w25qxx.o
W25qxx_WriteEnable                                build/w25qxx.o
W25qxx_WritePage                                  build/w25qxx.o
W25qxx_WriteSector                                build/w25qxx.o
                                                  build/main.o
W25qxx_WriteStatusRegister                        build/w25qxx.o
WWDG_IRQHandler                                   build/startup_stm32f411xe.o
__aeabi_idiv0                                     /opt/gcc-arm/gcc-arm-none-eabi-10.3-2021.10/bin/../lib/gcc/arm-none-eabi/10.3.1/thumb/v7e-m+fp/hard/libgcc.a(_dvmd_tls.o)
__aeabi_ldiv0                                     /opt/gcc-arm/gcc-arm-none-eabi-10.3-2021.10/bin/../lib/gcc/arm-none-eabi/10.3.1/thumb/v7e-m+fp/hard/libgcc.a(_dvmd_tls.o)
                                                  /opt/gcc-arm/gcc-arm-none-eabi-10.3-2021.10/bin/../lib/gcc/arm-none-eabi/10.3.1/thumb/v7e-m+fp/hard/libgcc.a(_aeabi_uldivmod.o)
__aeabi_uldivmod                                  /opt/gcc-arm/gcc-arm-none-eabi-10.3-2021.10/bin/../lib/gcc/arm-none-eabi/10.3.1/thumb/v7e-m+fp/hard/libgcc.a(_aeabi_uldivmod.o)
                                                  build/stm32f4xx_hal_rcc.o
__bss_end__                                       /opt/gcc-arm/gcc-arm-none-eabi-10.3-2021.10/bin/../lib/gcc/arm-none-eabi/10.3.1/../../../../arm-none-eabi/lib/thumb/v7e-m+fp/hard/crt0.o
__bss_start__                                     /opt/gcc-arm/gcc-arm-none-eabi-10.3-2021.10/bin/../lib/gcc/arm-none-eabi/10.3.1/../../../../arm-none-eabi/lib/thumb/v7e-m+fp/hard/crt0.o
__call_exitprocs                                  /opt/gcc-arm/gcc-arm-none-eabi-10.3-2021.10/bin/../lib/gcc/arm-none-eabi/10.3.1/../../../../arm-none-eabi/lib/thumb/v7e-m+fp/hard/libc_nano.a(lib_a-exit.o)
__deregister_frame_info                           /opt/gcc-arm/gcc-arm-none-eabi-10.3-2021.10/bin/../lib/gcc/arm-none-eabi/10.3.1/thumb/v7e-m+fp/hard/crtbegin.o
__dso_handle                                      /opt/gcc-arm/gcc-arm-none-eabi-10.3-2021.10/bin/../lib/gcc/arm-none-eabi/10.3.1/thumb/v7e-m+fp/hard/crtbegin.o
__init_array_end                                  /opt/gcc-arm/gcc-arm-none-eabi-10.3-2021.10/bin/../lib/gcc/arm-none-eabi/10.3.1/../../../../arm-none-eabi/lib/thumb/v7e-m+fp/hard/libc_nano.a(lib_a-init.o)
__init_array_start                                /opt/gcc-arm/gcc-arm-none-eabi-10.3-2021.10/bin/../lib/gcc/arm-none-eabi/10.3.1/../../../../arm-none-eabi/lib/thumb/v7e-m+fp/hard/libc_nano.a(lib_a-init.o)
__libc_fini_array                                 /opt/gcc-arm/gcc-arm-none-eabi-10.3-2021.10/bin/../lib/gcc/arm-none-eabi/10.3.1/../../../../arm-none-eabi/lib/thumb/v7e-m+fp/hard/crt0.o
__libc_init_array                                 /opt/gcc-arm/gcc-arm-none-eabi-10.3-2021.10/bin/../lib/gcc/arm-none-eabi/10.3.1/../../../../arm-none-eabi/lib/thumb/v7e-m+fp/hard/libc_nano.a(lib_a-init.o)
                                                  build/startup_stm32f411xe.o
                                                  /opt/gcc-arm/gcc-arm-none-eabi-10.3-2021.10/bin/../lib/gcc/arm-none-eabi/10.3.1/../../../../arm-none-eabi/lib/thumb/v7e-m+fp/hard/crt0.o
__preinit_array_end                               /opt/gcc-arm/gcc-arm-none-eabi-10.3-2021.10/bin/../lib/gcc/arm-none-eabi/10.3.1/../../../../arm-none-eabi/lib/thumb/v7e-m+fp/hard/libc_nano.a(lib_a-init.o)
__preinit_array_start                             /opt/gcc-arm/gcc-arm-none-eabi-10.3-2021.10/bin/../lib/gcc/arm-none-eabi/10.3.1/../../../../arm-none-eabi/lib/thumb/v7e-m+fp/hard/libc_nano.a(lib_a-init.o)
__register_frame_info                             /opt/gcc-arm/gcc-arm-none-eabi-10.3-2021.10/bin/../lib/gcc/arm-none-eabi/10.3.1/thumb/v7e-m+fp/hard/crtbegin.o
__sf_fake_stderr                                  /opt/gcc-arm/gcc-arm-none-eabi-10.3-2021.10/bin/../lib/gcc/arm-none-eabi/10.3.1/../../../../arm-none-eabi/lib/thumb/v7e-m+fp/hard/libc_nano.a(lib_a-impure.o)
__sf_fake_stdin                                   /opt/gcc-arm/gcc-arm-none-eabi-10.3-2021.10/bin/../lib/gcc/arm-none-eabi/10.3.1/../../../../arm-none-eabi/lib/thumb/v7e-m+fp/hard/libc_nano.a(lib_a-impure.o)
__sf_fake_stdout                                  /opt/gcc-arm/gcc-arm-none-eabi-10.3-2021.10/bin/../lib/gcc/arm-none-eabi/10.3.1/../../../../arm-none-eabi/lib/thumb/v7e-m+fp/hard/libc_nano.a(lib_a-impure.o)
__stack                                           /opt/gcc-arm/gcc-arm-none-eabi-10.3-2021.10/bin/../lib/gcc/arm-none-eabi/10.3.1/../../../../arm-none-eabi/lib/thumb/v7e-m+fp/hard/crt0.o
__udivmoddi4                                      /opt/gcc-arm/gcc-arm-none-eabi-10.3-2021.10/bin/../lib/gcc/arm-none-eabi/10.3.1/thumb/v7e-m+fp/hard/libgcc.a(_udivmoddi4.o)
                                                  /opt/gcc-arm/gcc-arm-none-eabi-10.3-2021.10/bin/../lib/gcc/arm-none-eabi/10.3.1/thumb/v7e-m+fp/hard/libgcc.a(_aeabi_uldivmod.o)
_ebss                                             build/startup_stm32f411xe.o
_edata                                            build/startup_stm32f411xe.o
_estack                                           build/startup_stm32f411xe.o
_exit                                             /opt/gcc-arm/gcc-arm-none-eabi-10.3-2021.10/bin/../lib/gcc/arm-none-eabi/10.3.1/../../../../arm-none-eabi/lib/thumb/v7e-m+fp/hard/libnosys.a(_exit.o)
                                                  /opt/gcc-arm/gcc-arm-none-eabi-10.3-2021.10/bin/../lib/gcc/arm-none-eabi/10.3.1/../../../../arm-none-eabi/lib/thumb/v7e-m+fp/hard/libc_nano.a(lib_a-exit.o)
_fini                                             /opt/gcc-arm/gcc-arm-none-eabi-10.3-2021.10/bin/../lib/gcc/arm-none-eabi/10.3.1/thumb/v7e-m+fp/hard/crti.o
_global_impure_ptr                                /opt/gcc-arm/gcc-arm-none-eabi-10.3-2021.10/bin/../lib/gcc/arm-none-eabi/10.3.1/../../../../arm-none-eabi/lib/thumb/v7e-m+fp/hard/libc_nano.a(lib_a-impure.o)
                                                  /opt/gcc-arm/gcc-arm-none-eabi-10.3-2021.10/bin/../lib/gcc/arm-none-eabi/10.3.1/../../../../arm-none-eabi/lib/thumb/v7e-m+fp/hard/libc_nano.a(lib_a-exit.o)
_impure_ptr                                       /opt/gcc-arm/gcc-arm-none-eabi-10.3-2021.10/bin/../lib/gcc/arm-none-eabi/10.3.1/../../../../arm-none-eabi/lib/thumb/v7e-m+fp/hard/libc_nano.a(lib_a-impure.o)
_init                                             /opt/gcc-arm/gcc-arm-none-eabi-10.3-2021.10/bin/../lib/gcc/arm-none-eabi/10.3.1/thumb/v7e-m+fp/hard/crti.o
                                                  /opt/gcc-arm/gcc-arm-none-eabi-10.3-2021.10/bin/../lib/gcc/arm-none-eabi/10.3.1/../../../../arm-none-eabi/lib/thumb/v7e-m+fp/hard/libc_nano.a(lib_a-init.o)
_mainCRTStartup                                   /opt/gcc-arm/gcc-arm-none-eabi-10.3-2021.10/bin/../lib/gcc/arm-none-eabi/10.3.1/../../../../arm-none-eabi/lib/thumb/v7e-m+fp/hard/crt0.o
_sbss                                             build/startup_stm32f411xe.o
_sdata                                            build/startup_stm32f411xe.o
_sidata                                           build/startup_stm32f411xe.o
_stack_init                                       /opt/gcc-arm/gcc-arm-none-eabi-10.3-2021.10/bin/../lib/gcc/arm-none-eabi/10.3.1/../../../../arm-none-eabi/lib/thumb/v7e-m+fp/hard/crt0.o
_start                                            /opt/gcc-arm/gcc-arm-none-eabi-10.3-2021.10/bin/../lib/gcc/arm-none-eabi/10.3.1/../../../../arm-none-eabi/lib/thumb/v7e-m+fp/hard/crt0.o
atexit                                            /opt/gcc-arm/gcc-arm-none-eabi-10.3-2021.10/bin/../lib/gcc/arm-none-eabi/10.3.1/../../../../arm-none-eabi/lib/thumb/v7e-m+fp/hard/crt0.o
buffer1                                           build/main.o
buffer2                                           build/main.o
exit                                              /opt/gcc-arm/gcc-arm-none-eabi-10.3-2021.10/bin/../lib/gcc/arm-none-eabi/10.3.1/../../../../arm-none-eabi/lib/thumb/v7e-m+fp/hard/libc_nano.a(lib_a-exit.o)
                                                  /opt/gcc-arm/gcc-arm-none-eabi-10.3-2021.10/bin/../lib/gcc/arm-none-eabi/10.3.1/../../../../arm-none-eabi/lib/thumb/v7e-m+fp/hard/crt0.o
g_pfnVectors                                      build/startup_stm32f411xe.o
hardware_init_hook                                /opt/gcc-arm/gcc-arm-none-eabi-10.3-2021.10/bin/../lib/gcc/arm-none-eabi/10.3.1/../../../../arm-none-eabi/lib/thumb/v7e-m+fp/hard/crt0.o
hspi1                                             build/spi.o
                                                  build/w25qxx.o
main                                              build/main.o
                                                  build/startup_stm32f411xe.o
                                                  /opt/gcc-arm/gcc-arm-none-eabi-10.3-2021.10/bin/../lib/gcc/arm-none-eabi/10.3.1/../../../../arm-none-eabi/lib/thumb/v7e-m+fp/hard/crt0.o
memset                                            /opt/gcc-arm/gcc-arm-none-eabi-10.3-2021.10/bin/../lib/gcc/arm-none-eabi/10.3.1/../../../../arm-none-eabi/lib/thumb/v7e-m+fp/hard/libc_nano.a(lib_a-memset.o)
                                                  build/main.o
                                                  /opt/gcc-arm/gcc-arm-none-eabi-10.3-2021.10/bin/../lib/gcc/arm-none-eabi/10.3.1/../../../../arm-none-eabi/lib/thumb/v7e-m+fp/hard/crt0.o
pFlash                                            build/stm32f4xx_hal_flash.o
                                                  build/stm32f4xx_hal_flash_ex.o
software_init_hook                                /opt/gcc-arm/gcc-arm-none-eabi-10.3-2021.10/bin/../lib/gcc/arm-none-eabi/10.3.1/../../../../arm-none-eabi/lib/thumb/v7e-m+fp/hard/crt0.o
uwTick                                            build/stm32f4xx_hal.o
uwTickFreq                                        build/stm32f4xx_hal.o
uwTickPrio                                        build/stm32f4xx_hal.o
                                                  build/stm32f4xx_hal_rcc_ex.o
                                                  build/stm32f4xx_hal_rcc.o
w25qxx                                            build/w25qxx.o
